// Jest Snapshot v1, https://goo.gl/fbAQLP

exports[`RandomColor component renders random color 1`] = `
<Fragment>
  <ColorDisplay
    backgroundColor=""
  />
</Fragment>
`;
