// Jest Snapshot v1, https://goo.gl/fbAQLP

exports[`ColorDisplay component renders color display 1`] = `
<div
  style={
    Object {
      "backgroundColor": "green",
      "height": "100px",
      "width": "100px",
    }
  }
/>
`;
